<testsuites name="jest tests" tests="4" failures="3" time="0.761">
  <testsuite name="undefined" errors="0" failures="3" skipped="0" timestamp="2021-12-31T08:49:36" time="0.761" tests="4">
    <testcase classname=" initial UI is rendered as expected" name=" initial UI is rendered as expected" time="0.025">
    </testcase>
    <testcase classname=" inital value is set via props" name=" inital value is set via props" time="0.006">
      <failure>Error: expect(element).toHaveTextContent()

Expected element to have text content:
  110
Received:
  120
    at Object.&lt;anonymous&gt; (/Users/giltroy.meren/Documents/Projects/React/react-timer/src/App.test.js:32:38)
    at Object.asyncFn (/Users/giltroy.meren/Documents/Projects/React/react-timer/node_modules/jest-jasmine2/build/jasmine-async.js:68:30)
    at /Users/giltroy.meren/Documents/Projects/React/react-timer/node_modules/jest-jasmine2/build/queueRunner.js:38:12
    at new Promise (&lt;anonymous&gt;)
    at mapper (/Users/giltroy.meren/Documents/Projects/React/react-timer/node_modules/jest-jasmine2/build/queueRunner.js:31:21)
    at /Users/giltroy.meren/Documents/Projects/React/react-timer/node_modules/p-map/index.js:46:16
    at processTicksAndRejections (node:internal/process/task_queues:96:5)</failure>
    </testcase>
    <testcase classname=" timer stops at 0" name=" timer stops at 0" time="0.003">
      <failure>Error: expect(element).toHaveTextContent()

Expected element to have text content:
  0
Received:
  5
    at Object.&lt;anonymous&gt; (/Users/giltroy.meren/Documents/Projects/React/react-timer/src/App.test.js:41:38)
    at Object.asyncFn (/Users/giltroy.meren/Documents/Projects/React/react-timer/node_modules/jest-jasmine2/build/jasmine-async.js:68:30)
    at /Users/giltroy.meren/Documents/Projects/React/react-timer/node_modules/jest-jasmine2/build/queueRunner.js:38:12
    at new Promise (&lt;anonymous&gt;)
    at mapper (/Users/giltroy.meren/Documents/Projects/React/react-timer/node_modules/jest-jasmine2/build/queueRunner.js:31:21)
    at /Users/giltroy.meren/Documents/Projects/React/react-timer/node_modules/p-map/index.js:46:16
    at processTicksAndRejections (node:internal/process/task_queues:96:5)</failure>
    </testcase>
    <testcase classname=" stop timer button stops the timer" name=" stop timer button stops the timer" time="0.003">
      <failure>Error: expect(element).toHaveTextContent()

Expected element to have text content:
  40
Received:
  50
    at Object.&lt;anonymous&gt; (/Users/giltroy.meren/Documents/Projects/React/react-timer/src/App.test.js:51:38)
    at Object.asyncFn (/Users/giltroy.meren/Documents/Projects/React/react-timer/node_modules/jest-jasmine2/build/jasmine-async.js:68:30)
    at /Users/giltroy.meren/Documents/Projects/React/react-timer/node_modules/jest-jasmine2/build/queueRunner.js:38:12
    at new Promise (&lt;anonymous&gt;)
    at mapper (/Users/giltroy.meren/Documents/Projects/React/react-timer/node_modules/jest-jasmine2/build/queueRunner.js:31:21)
    at /Users/giltroy.meren/Documents/Projects/React/react-timer/node_modules/p-map/index.js:46:16
    at processTicksAndRejections (node:internal/process/task_queues:96:5)</failure>
    </testcase>
  </testsuite>
</testsuites>